
> tasks@0.1.0 test
> react-scripts test

Browserslist: caniuse-lite is outdated. Please run:
  npx browserslist@latest --update-db
  Why you should do it regularly: https://github.com/browserslist/browserslist#browsers-data-updating
PASS src/quizzer/Quizzer.test.tsx
PASS src/App.test.tsx
-------------------|---------|----------|---------|---------|------------------------------------------------------
File               | % Stmts | % Branch | % Funcs | % Lines | Uncovered Line #s                                    
-------------------|---------|----------|---------|---------|------------------------------------------------------
All files          |   81.29 |     80.3 |      76 |   80.53 |                                                      
 src               |   66.66 |       50 |      50 |   66.66 |                                                      
  App.tsx          |   66.66 |       50 |      50 |   66.66 | 16                                                   
 src/interfaces    |       0 |        0 |       0 |       0 |                                                      
  question.ts      |       0 |        0 |       0 |       0 |                                                      
  quiz.ts          |       0 |        0 |       0 |       0 |                                                      
 src/quizzer       |   81.57 |    82.25 |   76.71 |   80.82 |                                                      
  AddQuizModal.tsx |   64.28 |      100 |      40 |   64.28 | 36-55                                                
  QuestionEdit.tsx |   51.28 |       65 |   41.17 |   51.28 | 27-30,48-49,61,70-71,78-80,88-90,113-186,220,247,272 
  QuizCard.tsx     |     100 |       80 |     100 |     100 | 32                                                   
  QuizEdit.tsx     |   85.18 |      100 |   73.33 |      84 | 35-38,72,102                                         
  QuizExpanded.tsx |     100 |    85.71 |     100 |     100 | 76                                                   
  QuizList.tsx     |     100 |      100 |     100 |     100 |                                                      
  QuizQuestion.tsx |     100 |    85.71 |     100 |     100 | 24-31                                                
  QuizView.tsx     |     100 |      100 |     100 |     100 |                                                      
  Quizzer.tsx      |     100 |      100 |     100 |     100 |                                                      
-------------------|---------|----------|---------|---------|------------------------------------------------------

Test Suites: 2 passed, 2 total
Tests:       15 passed, 15 total
Snapshots:   0 total
Time:        4.198 s
Ran all test suites.
